Category: 📺央视频道, Name: CCTV-3, Total: 6, Valid: 5, Valid Percent: 83.33%, Whitelist: 0, IPv4: 6, IPv6: 0, Min Delay: 217 ms, Max Speed: 16.34 M/s, Avg Speed: 8.26 M/s, Max Resolution: 1920x1080
Category: 📺央视频道, Name: CCTV-5+, Total: 3, Valid: 2, Valid Percent: 66.67%, Whitelist: 0, IPv4: 3, IPv6: 0, Min Delay: 62 ms, Max Speed: 15.98 M/s, Avg Speed: 15.48 M/s, Max Resolution: 1920x1080
Category: 📺央视频道, Name: CCTV-2, Total: 4, Valid: 2, Valid Percent: 50.00%, Whitelist: 0, IPv4: 4, IPv6: 0, Min Delay: 1254 ms, Max Speed: 3.96 M/s, Avg Speed: 2.44 M/s, Max Resolution: 1920x1080
Category: 📺央视频道, Name: CCTV-1, Total: 5, Valid: 3, Valid Percent: 60.00%, Whitelist: 0, IPv4: 5, IPv6: 0, Min Delay: 233 ms, Max Speed: 8.77 M/s, Avg Speed: 3.49 M/s, Max Resolution: 1920x1080
Category: 📺央视频道, Name: CCTV-4, Total: 8, Valid: 6, Valid Percent: 75.00%, Whitelist: 0, IPv4: 8, IPv6: 0, Min Delay: 241 ms, Max Speed: 18.09 M/s, Avg Speed: 6.54 M/s, Max Resolution: 1920x1080
Category: 📺央视频道, Name: CCTV-6, Total: 5, Valid: 3, Valid Percent: 60.00%, Whitelist: 0, IPv4: 5, IPv6: 0, Min Delay: 1255 ms, Max Speed: 4.85 M/s, Avg Speed: 2.95 M/s, Max Resolution: 1920x1080
Category: 📺央视频道, Name: CCTV-7, Total: 5, Valid: 3, Valid Percent: 60.00%, Whitelist: 0, IPv4: 5, IPv6: 0, Min Delay: 221 ms, Max Speed: 8.77 M/s, Avg Speed: 3.87 M/s, Max Resolution: 1920x1080
Category: 📺央视频道, Name: CCTV-5, Total: 12, Valid: 10, Valid Percent: 83.33%, Whitelist: 0, IPv4: 12, IPv6: 0, Min Delay: 387 ms, Max Speed: 10.00 M/s, Avg Speed: 4.15 M/s, Max Resolution: 1920x1080
Category: 📺央视频道, Name: CCTV-11, Total: 5, Valid: 4, Valid Percent: 80.00%, Whitelist: 0, IPv4: 5, IPv6: 0, Min Delay: 333 ms, Max Speed: 9.96 M/s, Avg Speed: 4.25 M/s, Max Resolution: 1920x1080
Category: 📺央视频道, Name: CCTV-14, Total: 1, Valid: 0, Valid Percent: 0.00%, Whitelist: 0, IPv4: 1, IPv6: 0, Min Delay: -1 ms, Max Speed: 0.00 M/s, Avg Speed: 0.00 M/s, Max Resolution: None
Category: 📺央视频道, Name: CCTV-15, Total: 5, Valid: 4, Valid Percent: 80.00%, Whitelist: 0, IPv4: 5, IPv6: 0, Min Delay: 223 ms, Max Speed: 21.19 M/s, Avg Speed: 12.02 M/s, Max Resolution: 1920x1080
Category: 📺央视频道, Name: CETV-1, Total: 1, Valid: 0, Valid Percent: 0.00%, Whitelist: 0, IPv4: 1, IPv6: 0, Min Delay: -1 ms, Max Speed: 0.00 M/s, Avg Speed: 0.00 M/s, Max Resolution: None
Category: 📺央视频道, Name: CETV-2, Total: 1, Valid: 0, Valid Percent: 0.00%, Whitelist: 0, IPv4: 1, IPv6: 0, Min Delay: -1 ms, Max Speed: 0.00 M/s, Avg Speed: 0.00 M/s, Max Resolution: None
Category: 📺央视频道, Name: CCTV-16, Total: 4, Valid: 4, Valid Percent: 100.00%, Whitelist: 0, IPv4: 4, IPv6: 0, Min Delay: 359 ms, Max Speed: 11.40 M/s, Avg Speed: 7.95 M/s, Max Resolution: 1920x1080
Category: 📺央视频道, Name: CCTV-17, Total: 5, Valid: 4, Valid Percent: 80.00%, Whitelist: 0, IPv4: 5, IPv6: 0, Min Delay: 245 ms, Max Speed: 12.52 M/s, Avg Speed: 7.82 M/s, Max Resolution: 1920x1080
Category: 💰央视付费频道, Name: 第一剧场, Total: 1, Valid: 1, Valid Percent: 100.00%, Whitelist: 0, IPv4: 1, IPv6: 0, Min Delay: 1306 ms, Max Speed: 0.02 M/s, Avg Speed: 0.02 M/s, Max Resolution: 1920x1080
Category: 📺央视频道, Name: CETV-4, Total: 2, Valid: 1, Valid Percent: 50.00%, Whitelist: 0, IPv4: 2, IPv6: 0, Min Delay: 502 ms, Max Speed: 0.03 M/s, Avg Speed: 0.03 M/s, Max Resolution: 1920x1080
Category: 💰央视付费频道, Name: 女性时尚, Total: 1, Valid: 1, Valid Percent: 100.00%, Whitelist: 0, IPv4: 1, IPv6: 0, Min Delay: 415 ms, Max Speed: 10.42 M/s, Avg Speed: 10.42 M/s, Max Resolution: 1920x1080
Category: 📺央视频道, Name: CCTV-12, Total: 6, Valid: 5, Valid Percent: 83.33%, Whitelist: 0, IPv4: 6, IPv6: 0, Min Delay: 226 ms, Max Speed: 12.23 M/s, Avg Speed: 6.45 M/s, Max Resolution: 1920x1080
Category: 💰央视付费频道, Name: 高尔夫网球, Total: 1, Valid: 1, Valid Percent: 100.00%, Whitelist: 0, IPv4: 1, IPv6: 0, Min Delay: 463 ms, Max Speed: 8.84 M/s, Avg Speed: 8.84 M/s, Max Resolution: 1920x1080
Category: 💰央视付费频道, Name: 风云足球, Total: 1, Valid: 1, Valid Percent: 100.00%, Whitelist: 0, IPv4: 1, IPv6: 0, Min Delay: 387 ms, Max Speed: 10.83 M/s, Avg Speed: 10.83 M/s, Max Resolution: 1920x1080
Category: 💰央视付费频道, Name: 世界地理, Total: 1, Valid: 1, Valid Percent: 100.00%, Whitelist: 0, IPv4: 1, IPv6: 0, Min Delay: 397 ms, Max Speed: 11.71 M/s, Avg Speed: 11.71 M/s, Max Resolution: 1920x1080
Category: 💰央视付费频道, Name: 怀旧剧场, Total: 2, Valid: 2, Valid Percent: 100.00%, Whitelist: 0, IPv4: 2, IPv6: 0, Min Delay: 580 ms, Max Speed: 1.72 M/s, Avg Speed: 0.91 M/s, Max Resolution: 1920x1080
Category: 💰央视付费频道, Name: 电视指南, Total: 2, Valid: 2, Valid Percent: 100.00%, Whitelist: 0, IPv4: 2, IPv6: 0, Min Delay: 429 ms, Max Speed: 9.86 M/s, Avg Speed: 4.94 M/s, Max Resolution: 1920x1080
Category: 📺央视频道, Name: CCTV-8, Total: 6, Valid: 5, Valid Percent: 83.33%, Whitelist: 0, IPv4: 6, IPv6: 0, Min Delay: 266 ms, Max Speed: 8.77 M/s, Avg Speed: 3.28 M/s, Max Resolution: 1920x1080
Category: 💰央视付费频道, Name: 兵器科技, Total: 2, Valid: 2, Valid Percent: 100.00%, Whitelist: 0, IPv4: 2, IPv6: 0, Min Delay: 357 ms, Max Speed: 10.67 M/s, Avg Speed: 5.41 M/s, Max Resolution: 1920x1080
Category: 📺央视频道, Name: CCTV-9, Total: 5, Valid: 4, Valid Percent: 80.00%, Whitelist: 0, IPv4: 5, IPv6: 0, Min Delay: 210 ms, Max Speed: 8.77 M/s, Avg Speed: 2.23 M/s, Max Resolution: 1920x1080
Category: 📺央视频道, Name: CCTV-13, Total: 7, Valid: 5, Valid Percent: 71.43%, Whitelist: 0, IPv4: 7, IPv6: 0, Min Delay: 219 ms, Max Speed: 8.81 M/s, Avg Speed: 4.04 M/s, Max Resolution: 1920x1080
Category: 📺央视频道, Name: CCTV-10, Total: 6, Valid: 5, Valid Percent: 83.33%, Whitelist: 0, IPv4: 6, IPv6: 0, Min Delay: 218 ms, Max Speed: 12.39 M/s, Avg Speed: 3.34 M/s, Max Resolution: 1920x1080
Category: 💰央视付费频道, Name: 风云音乐, Total: 3, Valid: 3, Valid Percent: 100.00%, Whitelist: 0, IPv4: 3, IPv6: 0, Min Delay: 269 ms, Max Speed: 3.44 M/s, Avg Speed: 1.26 M/s, Max Resolution: 1920x1080
Category: 📡卫视频道, Name: 湖北卫视, Total: 6, Valid: 5, Valid Percent: 83.33%, Whitelist: 0, IPv4: 6, IPv6: 0, Min Delay: 237 ms, Max Speed: 12.15 M/s, Avg Speed: 6.92 M/s, Max Resolution: 1920x1080
Category: 📡卫视频道, Name: 北京卫视, Total: 6, Valid: 5, Valid Percent: 83.33%, Whitelist: 0, IPv4: 6, IPv6: 0, Min Delay: 12 ms, Max Speed: 10.22 M/s, Avg Speed: 6.57 M/s, Max Resolution: 1920x1080
Category: 📡卫视频道, Name: 广东卫视, Total: 5, Valid: 4, Valid Percent: 80.00%, Whitelist: 0, IPv4: 5, IPv6: 0, Min Delay: 220 ms, Max Speed: 11.33 M/s, Avg Speed: 5.93 M/s, Max Resolution: 1920x1080
Category: 📡卫视频道, Name: 黑龙江卫视, Total: 3, Valid: 3, Valid Percent: 100.00%, Whitelist: 0, IPv4: 3, IPv6: 0, Min Delay: 230 ms, Max Speed: 9.98 M/s, Avg Speed: 6.98 M/s, Max Resolution: 1920x1080
Category: 📡卫视频道, Name: 浙江卫视, Total: 12, Valid: 11, Valid Percent: 91.67%, Whitelist: 0, IPv4: 12, IPv6: 0, Min Delay: 103 ms, Max Speed: 24.38 M/s, Avg Speed: 5.30 M/s, Max Resolution: 1920x1080
Category: 📡卫视频道, Name: 湖南卫视, Total: 10, Valid: 8, Valid Percent: 80.00%, Whitelist: 0, IPv4: 10, IPv6: 0, Min Delay: 8 ms, Max Speed: 15.74 M/s, Avg Speed: 6.94 M/s, Max Resolution: 3840x2160
Category: 📡卫视频道, Name: 东南卫视, Total: 4, Valid: 4, Valid Percent: 100.00%, Whitelist: 0, IPv4: 4, IPv6: 0, Min Delay: 220 ms, Max Speed: 15.29 M/s, Avg Speed: 9.58 M/s, Max Resolution: 1920x1080
Category: 📡卫视频道, Name: 甘肃卫视, Total: 2, Valid: 2, Valid Percent: 100.00%, Whitelist: 0, IPv4: 2, IPv6: 0, Min Delay: 214 ms, Max Speed: 11.27 M/s, Avg Speed: 10.02 M/s, Max Resolution: 1920x1080
Category: 📡卫视频道, Name: 安徽卫视, Total: 4, Valid: 4, Valid Percent: 100.00%, Whitelist: 0, IPv4: 4, IPv6: 0, Min Delay: 232 ms, Max Speed: 8.77 M/s, Avg Speed: 4.14 M/s, Max Resolution: 1920x1080
Category: 📡卫视频道, Name: 重庆卫视, Total: 7, Valid: 7, Valid Percent: 100.00%, Whitelist: 0, IPv4: 7, IPv6: 0, Min Delay: 226 ms, Max Speed: 12.19 M/s, Avg Speed: 6.07 M/s, Max Resolution: 1920x1080
Category: 📡卫视频道, Name: 广西卫视, Total: 5, Valid: 5, Valid Percent: 100.00%, Whitelist: 0, IPv4: 5, IPv6: 0, Min Delay: 231 ms, Max Speed: 12.97 M/s, Avg Speed: 5.83 M/s, Max Resolution: 1920x1080
Category: 📡卫视频道, Name: 东方卫视, Total: 11, Valid: 10, Valid Percent: 90.91%, Whitelist: 0, IPv4: 11, IPv6: 0, Min Delay: 232 ms, Max Speed: 15.86 M/s, Avg Speed: 5.77 M/s, Max Resolution: 1920x1080
Category: 📡卫视频道, Name: 贵州卫视, Total: 5, Valid: 5, Valid Percent: 100.00%, Whitelist: 0, IPv4: 5, IPv6: 0, Min Delay: 227 ms, Max Speed: 9.20 M/s, Avg Speed: 4.57 M/s, Max Resolution: 1920x1080
Category: 📡卫视频道, Name: 江苏卫视, Total: 7, Valid: 6, Valid Percent: 85.71%, Whitelist: 0, IPv4: 7, IPv6: 0, Min Delay: 207 ms, Max Speed: 12.98 M/s, Avg Speed: 7.35 M/s, Max Resolution: 1920x1080
Category: 📡卫视频道, Name: 吉林卫视, Total: 4, Valid: 3, Valid Percent: 75.00%, Whitelist: 0, IPv4: 4, IPv6: 0, Min Delay: 261 ms, Max Speed: 11.25 M/s, Avg Speed: 7.96 M/s, Max Resolution: 1920x1080
Category: 📡卫视频道, Name: 河北卫视, Total: 3, Valid: 2, Valid Percent: 66.67%, Whitelist: 0, IPv4: 3, IPv6: 0, Min Delay: 236 ms, Max Speed: 3.87 M/s, Avg Speed: 1.94 M/s, Max Resolution: 1920x1080
Category: 📡卫视频道, Name: 青海卫视, Total: 4, Valid: 3, Valid Percent: 75.00%, Whitelist: 0, IPv4: 4, IPv6: 0, Min Delay: 350 ms, Max Speed: 13.19 M/s, Avg Speed: 6.81 M/s, Max Resolution: 1920x1080
Category: 📡卫视频道, Name: 江西卫视, Total: 3, Valid: 2, Valid Percent: 66.67%, Whitelist: 0, IPv4: 3, IPv6: 0, Min Delay: 231 ms, Max Speed: 8.77 M/s, Avg Speed: 6.08 M/s, Max Resolution: 1920x1080
Category: 📡卫视频道, Name: 山西卫视, Total: 3, Valid: 3, Valid Percent: 100.00%, Whitelist: 0, IPv4: 3, IPv6: 0, Min Delay: 381 ms, Max Speed: 10.60 M/s, Avg Speed: 5.04 M/s, Max Resolution: 1920x1080
Category: 📡卫视频道, Name: 海南卫视, Total: 7, Valid: 6, Valid Percent: 85.71%, Whitelist: 0, IPv4: 7, IPv6: 0, Min Delay: 311 ms, Max Speed: 8.77 M/s, Avg Speed: 2.13 M/s, Max Resolution: 1920x1080
Category: 📡卫视频道, Name: 内蒙古卫视, Total: 3, Valid: 3, Valid Percent: 100.00%, Whitelist: 0, IPv4: 3, IPv6: 0, Min Delay: 301 ms, Max Speed: 13.73 M/s, Avg Speed: 5.73 M/s, Max Resolution: 1920x1080
Category: 📡卫视频道, Name: 河南卫视, Total: 6, Valid: 5, Valid Percent: 83.33%, Whitelist: 0, IPv4: 6, IPv6: 0, Min Delay: 20 ms, Max Speed: 39.86 M/s, Avg Speed: 10.64 M/s, Max Resolution: 1920x1080
Category: 📡卫视频道, Name: 三沙卫视, Total: 2, Valid: 1, Valid Percent: 50.00%, Whitelist: 0, IPv4: 2, IPv6: 0, Min Delay: 391 ms, Max Speed: 13.59 M/s, Avg Speed: 13.59 M/s, Max Resolution: 1920x1080
Category: 📡卫视频道, Name: 四川卫视, Total: 3, Valid: 3, Valid Percent: 100.00%, Whitelist: 0, IPv4: 3, IPv6: 0, Min Delay: 20 ms, Max Speed: 8.77 M/s, Avg Speed: 7.50 M/s, Max Resolution: 1920x1080
Category: 📡卫视频道, Name: 陕西卫视, Total: 4, Valid: 3, Valid Percent: 75.00%, Whitelist: 0, IPv4: 4, IPv6: 0, Min Delay: 218 ms, Max Speed: 10.63 M/s, Avg Speed: 8.06 M/s, Max Resolution: 1920x1080
Category: 📡卫视频道, Name: 宁夏卫视, Total: 4, Valid: 3, Valid Percent: 75.00%, Whitelist: 0, IPv4: 4, IPv6: 0, Min Delay: 245 ms, Max Speed: 10.29 M/s, Avg Speed: 3.43 M/s, Max Resolution: 1920x1080
Category: 📡卫视频道, Name: 深圳卫视, Total: 5, Valid: 5, Valid Percent: 100.00%, Whitelist: 0, IPv4: 5, IPv6: 0, Min Delay: 272 ms, Max Speed: 11.02 M/s, Avg Speed: 5.21 M/s, Max Resolution: 1920x1080
Category: 📡卫视频道, Name: 辽宁卫视, Total: 6, Valid: 5, Valid Percent: 83.33%, Whitelist: 0, IPv4: 6, IPv6: 0, Min Delay: 243 ms, Max Speed: 13.75 M/s, Avg Speed: 6.49 M/s, Max Resolution: 1920x1080
Category: 📡卫视频道, Name: 新疆卫视, Total: 2, Valid: 2, Valid Percent: 100.00%, Whitelist: 0, IPv4: 2, IPv6: 0, Min Delay: 236 ms, Max Speed: 13.47 M/s, Avg Speed: 11.12 M/s, Max Resolution: 1920x1080
Category: 🌊港·澳·台, Name: 凤凰资讯, Total: 1, Valid: 1, Valid Percent: 100.00%, Whitelist: 0, IPv4: 1, IPv6: 0, Min Delay: 98 ms, Max Speed: 74.21 M/s, Avg Speed: 74.21 M/s, Max Resolution: None
Category: 📡卫视频道, Name: 山东卫视, Total: 4, Valid: 4, Valid Percent: 100.00%, Whitelist: 0, IPv4: 4, IPv6: 0, Min Delay: 222 ms, Max Speed: 13.38 M/s, Avg Speed: 7.67 M/s, Max Resolution: 1920x1080
Category: 🌊港·澳·台, Name: 翡翠台, Total: 4, Valid: 4, Valid Percent: 100.00%, Whitelist: 0, IPv4: 4, IPv6: 0, Min Delay: 15 ms, Max Speed: 72.13 M/s, Avg Speed: 26.14 M/s, Max Resolution: 1920x1080
Category: 🌊港·澳·台, Name: 凤凰香港, Total: 2, Valid: 2, Valid Percent: 100.00%, Whitelist: 0, IPv4: 2, IPv6: 0, Min Delay: 14 ms, Max Speed: 26.58 M/s, Avg Speed: 23.94 M/s, Max Resolution: 1920x1080
Category: 🌊港·澳·台, Name: 凤凰中文, Total: 5, Valid: 4, Valid Percent: 80.00%, Whitelist: 0, IPv4: 5, IPv6: 0, Min Delay: 12 ms, Max Speed: 77.08 M/s, Avg Speed: 34.92 M/s, Max Resolution: 1920x1080
Category: 🌊港·澳·台, Name: 纬来体育, Total: 3, Valid: 3, Valid Percent: 100.00%, Whitelist: 0, IPv4: 3, IPv6: 0, Min Delay: 14 ms, Max Speed: 21.34 M/s, Avg Speed: 16.57 M/s, Max Resolution: 1920x1080
Category: 🌊港·澳·台, Name: Viutv, Total: 1, Valid: 1, Valid Percent: 100.00%, Whitelist: 0, IPv4: 1, IPv6: 0, Min Delay: 14 ms, Max Speed: 21.98 M/s, Avg Speed: 21.98 M/s, Max Resolution: 1920x1080
Category: 🌊港·澳·台, Name: 纬来育乐, Total: 1, Valid: 1, Valid Percent: 100.00%, Whitelist: 0, IPv4: 1, IPv6: 0, Min Delay: 13 ms, Max Speed: 24.45 M/s, Avg Speed: 24.45 M/s, Max Resolution: 1920x1080
Category: 🌊港·澳·台, Name: 三立台湾, Total: 1, Valid: 1, Valid Percent: 100.00%, Whitelist: 0, IPv4: 1, IPv6: 0, Min Delay: 12 ms, Max Speed: 24.74 M/s, Avg Speed: 24.74 M/s, Max Resolution: 1920x1080
Category: 🌊港·澳·台, Name: 三立新闻, Total: 1, Valid: 1, Valid Percent: 100.00%, Whitelist: 0, IPv4: 1, IPv6: 0, Min Delay: 12 ms, Max Speed: 26.08 M/s, Avg Speed: 26.08 M/s, Max Resolution: 1920x1080
Category: 🌊港·澳·台, Name: 东森综合, Total: 2, Valid: 2, Valid Percent: 100.00%, Whitelist: 0, IPv4: 2, IPv6: 0, Min Delay: 11 ms, Max Speed: 27.10 M/s, Avg Speed: 24.06 M/s, Max Resolution: 1920x1080
Category: 🌊港·澳·台, Name: 东森电影, Total: 1, Valid: 1, Valid Percent: 100.00%, Whitelist: 0, IPv4: 1, IPv6: 0, Min Delay: 14 ms, Max Speed: 21.78 M/s, Avg Speed: 21.78 M/s, Max Resolution: 1920x1080
Category: 🌊港·澳·台, Name: 星卫娱乐, Total: 1, Valid: 0, Valid Percent: 0.00%, Whitelist: 0, IPv4: 1, IPv6: 0, Min Delay: -1 ms, Max Speed: 0.00 M/s, Avg Speed: 0.00 M/s, Max Resolution: None
Category: 🌊港·澳·台, Name: 靖天资讯, Total: 1, Valid: 1, Valid Percent: 100.00%, Whitelist: 0, IPv4: 1, IPv6: 0, Min Delay: 12 ms, Max Speed: 26.36 M/s, Avg Speed: 26.36 M/s, Max Resolution: 1920x1080
Category: 🌊港·澳·台, Name: TVBS亚洲, Total: 1, Valid: 1, Valid Percent: 100.00%, Whitelist: 0, IPv4: 1, IPv6: 0, Min Delay: 5503 ms, Max Speed: 0.51 M/s, Avg Speed: 0.51 M/s, Max Resolution: 1920x1080
Category: 🎬电影频道, Name: 靖天映画, Total: 1, Valid: 1, Valid Percent: 100.00%, Whitelist: 0, IPv4: 1, IPv6: 0, Min Delay: 14 ms, Max Speed: 22.42 M/s, Avg Speed: 22.42 M/s, Max Resolution: 1920x1080
Category: 🎬电影频道, Name: 靖天戏剧, Total: 1, Valid: 1, Valid Percent: 100.00%, Whitelist: 0, IPv4: 1, IPv6: 0, Min Delay: 13 ms, Max Speed: 23.79 M/s, Avg Speed: 23.79 M/s, Max Resolution: 1920x1080
Category: 🌊港·澳·台, Name: 东森超视, Total: 3, Valid: 3, Valid Percent: 100.00%, Whitelist: 0, IPv4: 3, IPv6: 0, Min Delay: 12 ms, Max Speed: 25.70 M/s, Avg Speed: 16.72 M/s, Max Resolution: 1920x1080
Category: 🎬电影频道, Name: 经典电影, Total: 1, Valid: 1, Valid Percent: 100.00%, Whitelist: 0, IPv4: 1, IPv6: 0, Min Delay: 10 ms, Max Speed: 30.47 M/s, Avg Speed: 30.47 M/s, Max Resolution: 1920x1080
Category: 🎬电影频道, Name: IPTV经典电影, Total: 1, Valid: 1, Valid Percent: 100.00%, Whitelist: 0, IPv4: 1, IPv6: 0, Min Delay: 51 ms, Max Speed: 8.72 M/s, Avg Speed: 8.72 M/s, Max Resolution: 1920x1080
Category: 🎬电影频道, Name: 星空卫视, Total: 1, Valid: 1, Valid Percent: 100.00%, Whitelist: 0, IPv4: 1, IPv6: 0, Min Delay: 12 ms, Max Speed: 25.90 M/s, Avg Speed: 25.90 M/s, Max Resolution: 1920x1080
Category: 🎬电影频道, Name: 私人影院, Total: 1, Valid: 0, Valid Percent: 0.00%, Whitelist: 0, IPv4: 1, IPv6: 0, Min Delay: -1 ms, Max Speed: 0.00 M/s, Avg Speed: 0.00 M/s, Max Resolution: None
Category: 🎬电影频道, Name: 东森洋片, Total: 1, Valid: 1, Valid Percent: 100.00%, Whitelist: 0, IPv4: 1, IPv6: 0, Min Delay: 13 ms, Max Speed: 23.70 M/s, Avg Speed: 23.70 M/s, Max Resolution: 1920x1080
Category: 📡卫视频道, Name: 天津卫视, Total: 5, Valid: 5, Valid Percent: 100.00%, Whitelist: 0, IPv4: 5, IPv6: 0, Min Delay: 227 ms, Max Speed: 12.65 M/s, Avg Speed: 6.79 M/s, Max Resolution: 1920x1080
Category: 📡卫视频道, Name: 云南卫视, Total: 4, Valid: 4, Valid Percent: 100.00%, Whitelist: 0, IPv4: 4, IPv6: 0, Min Delay: 228 ms, Max Speed: 10.72 M/s, Avg Speed: 5.65 M/s, Max Resolution: 1920x1080
Category: 🎬电影频道, Name: 天映经典, Total: 2, Valid: 2, Valid Percent: 100.00%, Whitelist: 0, IPv4: 2, IPv6: 0, Min Delay: 23 ms, Max Speed: 13.53 M/s, Avg Speed: 13.19 M/s, Max Resolution: 1920x1080
Category: 📡卫视频道, Name: 西藏卫视, Total: 2, Valid: 2, Valid Percent: 100.00%, Whitelist: 0, IPv4: 2, IPv6: 0, Min Delay: 242 ms, Max Speed: 8.77 M/s, Avg Speed: 4.40 M/s, Max Resolution: 1920x1080
Category: 🎬电影频道, Name: CHC家庭影院, Total: 1, Valid: 1, Valid Percent: 100.00%, Whitelist: 0, IPv4: 1, IPv6: 0, Min Delay: 10312 ms, Max Speed: 0.12 M/s, Avg Speed: 0.12 M/s, Max Resolution: 1920x1080
Category: 🎬电影频道, Name: CHC动作电影, Total: 2, Valid: 2, Valid Percent: 100.00%, Whitelist: 0, IPv4: 2, IPv6: 0, Min Delay: 10138 ms, Max Speed: 0.39 M/s, Avg Speed: 0.27 M/s, Max Resolution: 1920x1080
Category: 🌊港·澳·台, Name: Now华剧, Total: 4, Valid: 0, Valid Percent: 0.00%, Whitelist: 0, IPv4: 4, IPv6: 0, Min Delay: -1 ms, Max Speed: 0.00 M/s, Avg Speed: 0.00 M/s, Max Resolution: None
Category: 🏀体育频道, Name: 辽宁体育, Total: 1, Valid: 1, Valid Percent: 100.00%, Whitelist: 0, IPv4: 1, IPv6: 0, Min Delay: 10153 ms, Max Speed: 0.03 M/s, Avg Speed: 0.03 M/s, Max Resolution: None
Category: 🌊港·澳·台, Name: Now剧集, Total: 4, Valid: 0, Valid Percent: 0.00%, Whitelist: 0, IPv4: 4, IPv6: 0, Min Delay: 135 ms, Max Speed: 0.00 M/s, Avg Speed: 0.00 M/s, Max Resolution: None
Category: 🏀体育频道, Name: 体育赛事, Total: 2, Valid: 0, Valid Percent: 0.00%, Whitelist: 0, IPv4: 2, IPv6: 0, Min Delay: -1 ms, Max Speed: 0.00 M/s, Avg Speed: 0.00 M/s, Max Resolution: None
Category: 🏀体育频道, Name: 快乐垂钓, Total: 2, Valid: 1, Valid Percent: 50.00%, Whitelist: 0, IPv4: 2, IPv6: 0, Min Delay: 539 ms, Max Speed: 0.08 M/s, Avg Speed: 0.08 M/s, Max Resolution: 1920x1080
Category: 🪁动画频道, Name: CN卡通, Total: 1, Valid: 1, Valid Percent: 100.00%, Whitelist: 0, IPv4: 1, IPv6: 0, Min Delay: 12 ms, Max Speed: 26.30 M/s, Avg Speed: 26.30 M/s, Max Resolution: 1920x1080
Category: 🏀体育频道, Name: 天津体育, Total: 8, Valid: 4, Valid Percent: 50.00%, Whitelist: 0, IPv4: 8, IPv6: 0, Min Delay: 282 ms, Max Speed: 4.82 M/s, Avg Speed: 2.41 M/s, Max Resolution: 1920x1080
Category: 🪁动画频道, Name: 蜡笔小新, Total: 1, Valid: 1, Valid Percent: 100.00%, Whitelist: 0, IPv4: 1, IPv6: 0, Min Delay: 54 ms, Max Speed: 9.45 M/s, Avg Speed: 9.45 M/s, Max Resolution: 1920x1080
Category: 🪁动画频道, Name: 浙江少儿, Total: 3, Valid: 3, Valid Percent: 100.00%, Whitelist: 0, IPv4: 3, IPv6: 0, Min Delay: 1728 ms, Max Speed: 1.02 M/s, Avg Speed: 0.94 M/s, Max Resolution: 1920x1080
Category: 🪁动画频道, Name: 少儿动画, Total: 13, Valid: 0, Valid Percent: 0.00%, Whitelist: 0, IPv4: 13, IPv6: 0, Min Delay: -1 ms, Max Speed: 0.00 M/s, Avg Speed: 0.00 M/s, Max Resolution: None
